PS C:\Users\yuuji\OneDrive\デスクトップ> mkdir git_challenge


    ディレクトリ: C:\Users\yuuji\OneDrive\デスクトップ


Mode                 LastWriteTime         Length Name
----                 -------------         ------ ----
d-----        2025/04/10     23:49                git_challenge


PS C:\Users\yuuji\OneDrive\デスクトップ> 
PS C:\Users\yuuji\OneDrive\デスクトップ> 
PS C:\Users\yuuji\OneDrive\デスクトップ> cd git_challenge
PS C:\Users\yuuji\OneDrive\デスクトップ\git_challenge> 
PS C:\Users\yuuji\OneDrive\デスクトップ\git_challenge> git init
Initialized empty Git repository in C:/Users/yuuji/OneDrive/デスクトップ/git_challenge/.git/
PS C:\Users\yuuji\OneDrive\デスクトップ\git_challenge> 
PS C:\Users\yuuji\OneDrive\デスクトップ\git_challenge> git add hello_world.txt
PS C:\Users\yuuji\OneDrive\デスクトップ\git_challenge> git commit -m "最初のコミット"
[main (root-commit) 6477566] 最初のコミット
 1 file changed, 1 insertion(+)
 create mode 100644 hello_world.txt
PS C:\Users\yuuji\OneDrive\デスクトップ\git_challenge> 
PS C:\Users\yuuji\OneDrive\デスクトップ\git_challenge> 
PS C:\Users\yuuji\OneDrive\デスクトップ\git_challenge> git add hello_world.txt        
PS C:\Users\yuuji\OneDrive\デスクトップ\git_challenge> git commit -m "2回目のコミット"

[main ae4ea4a] 2回目のコミット
 1 file changed, 2 insertions(+), 1 deletion(-)
PS C:\Users\yuuji\OneDrive\デスクトップ\git_challenge> 
PS C:\Users\yuuji\OneDrive\デスクトップ\git_challenge> git status                     
On branch main
nothing to commit, working tree clean
PS C:\Users\yuuji\OneDrive\デスクトップ\git_challenge> git log --oneline              
ae4ea4a (HEAD -> main) 2回目のコミット
6477566 最初のコミット
PS C:\Users\yuuji\OneDrive\デスクトップ\git_challenge> 
PS C:\Users\yuuji\OneDrive\デスクトップ\git_challenge> mkdir kadai_005


    ディレクトリ: C:\Users\yuuji\OneDrive\デスクトップ\git_challenge


Mode                 LastWriteTime         Length Name
----                 -------------         ------ ----
d-----        2025/04/11      0:11                kadai_005


PS C:\Users\yuuji\OneDrive\デスクトップ\git_challenge> cd kadai_005
PS C:\Users\yuuji\OneDrive\デスクトップ\git_challenge\kadai_005> 